// Jest Snapshot v1, https://goo.gl/fbAQLP

exports[`should render expense list with expense 1`] = `
<div>
  <h1>
    ExpenseList
  </h1>
  1
  <Connect(ExpenseListItem)
    amount={54220}
    createdAt={0}
    description="januray rent"
    id="abcdef"
    key="abcdef"
    note="This was the final payment"
  />
</div>
`;
